// Bun Snapshot v1, https://goo.gl/fbAQLP

exports[`expect().toEqual() on objects with property indices doesn't print undefined 1`] = `"expect(received).toEqual(expected)\n\n  {\n+   \"0\": 0,\n+   \"1\": 1,\n+   \"10\": 10,\n+   \"11\": 11,\n+   \"12\": 12,\n+   \"13\": 13,\n+   \"14\": 14,\n+   \"15\": 15,\n+   \"2\": 2,\n+   \"3\": 3,\n+   \"4\": 4,\n+   \"5\": 5,\n+   \"6\": 6,\n+   \"7\": 7,\n+   \"8\": 8,\n+   \"9\": 9\n-   \"0\": 123,\n-   \"1\": 123,\n-   \"10\": 123,\n-   \"11\": 123,\n-   \"12\": 123,\n-   \"13\": 123,\n-   \"14\": 123,\n-   \"15\": 123,\n-   \"2\": 123,\n-   \"3\": 123,\n-   \"4\": 123,\n-   \"5\": 123,\n-   \"6\": 123,\n-   \"7\": 123,\n-   \"8\": 123,\n-   \"9\": 123\n  }\n\n- Expected  - 16\n+ Received  + 16\n\n      "`;
